// Jest Snapshot v1, https://goo.gl/fbAQLP

exports[`Header should initialize with default parameters 1`] = `
.c0 {
  padding: 1rem;
}

.c0 img {
  width: 17rem;
}

<header
  class="c0"
>
  <img
    alt=""
    src="/img/logo.png"
  />
</header>
`;
